// Jest Snapshot v1, https://goo.gl/fbAQLP

exports[`Header renders correctly 1`] = `
<div
  className="Header"
>
  <nav
    className="navbar navbar-expand-sm navbar-dark bg-inverse"
  >
    <a
      className="navbar-brand"
      href="/"
    >
      Node MakeMKV
    </a>
    <div
      className="collapse navbar-collapse"
      style={Object {}}
    >
      <form
        className="form-inline"
      >
        <div
          className="form-group"
        >
          <label
            className=""
            htmlFor="saveDirectory"
          >
            Save Directory
          </label>
          <input
            className="form-control"
            id="saveDirectory"
            type="text"
          />
        </div>
      </form>
    </div>
  </nav>
</div>
`;
